// Jest Snapshot v1, https://goo.gl/fbAQLP

exports[`QTable QTable should match snapshot 1`] = `
<div
  class="q-table"
>
  <div
    class="q-table__loading-wrapper"
  >
    <q-scrollbar-stub
      theme="secondary"
      viewclass=""
      viewtag="div"
      wrapclass="q-table__scroll-wrapper"
    >
      <!---->
       
      <div
        class="q-table__wrapper"
        style="transition: all 0.2s;"
      >
        <!---->
         
        <table
          cellpadding="0"
          cellspacing="0"
          class="q-table__table q-table__separated q-table__fixed"
        >
          <colgroup>
            <!---->
             
            <col
              style="width: 200px;"
            />
            <col
              style="width: 200px;"
            />
            <col
              style="width: 200px;"
            />
          </colgroup>
           
          <thead>
            <tr>
              <!---->
               
              <th
                class="q-table__header-cell q-table__header-cell_group-key"
              >
                <div
                  class="q-table__header-cell-wrapper"
                >
                  <div
                    class="q-table__header-cell-content q-table__header-cell-content_original"
                    title="Column 1"
                  >
                    
                        Column 1
                      
                  </div>
                   
                  <!---->
                   
                  <!---->
                </div>
              </th>
              <th
                class="q-table__header-cell q-table__header-cell_group-key"
              >
                <div
                  class="q-table__header-cell-wrapper"
                >
                  <div
                    class="q-table__header-cell-content"
                  >
                    
                        Column 2
                       
                    <!---->
                  </div>
                   
                  <!---->
                </div>
              </th>
              <th
                class="q-table__header-cell q-table__header-cell_undefined q-table__header-cell_align-right"
              >
                <div
                  class="q-table__header-cell-wrapper"
                >
                  <div
                    class="q-table__header-cell-content"
                  >
                    
                        Column 3
                       
                    <!---->
                  </div>
                   
                  <!---->
                </div>
              </th>
            </tr>
          </thead>
           
          <tbody>
            <!---->
             
            <row-hoc-stub
              checked-rows=""
              checkedrows=""
              children-key="children"
              childrenkey="children"
              class=""
              columns="[object Object],[object Object],[object Object]"
              indent-size="16"
              indentsize="16"
              row="[object Object]"
              row-index="0"
              rowindex="0"
            />
            <row-hoc-stub
              checked-rows=""
              checkedrows=""
              children-key="children"
              childrenkey="children"
              class=""
              columns="[object Object],[object Object],[object Object]"
              indent-size="16"
              indentsize="16"
              row="[object Object]"
              row-index="1"
              rowindex="1"
            />
          </tbody>
        </table>
      </div>
    </q-scrollbar-stub>
  </div>
</div>
`;

exports[`QTable computed computedRows should return updated rows 1`] = `
Array [
  Object {
    "data": Object {
      "col1": "Col 1 row 1",
      "col2": "Col 2 row 1",
      "col3": "Col 3 row 1",
    },
    "treeIndex": 0,
  },
  Object {
    "data": Object {
      "col1": "Col 1 row 2",
      "col2": "Col 2 row 2",
      "col3": "Col 3 row 2",
    },
    "treeIndex": 1,
  },
]
`;

exports[`QTable computed tableClasses should match snapshot 1`] = `
Object {
  "q-table__draggable": undefined,
  "q-table__fixed": true,
  "q-table__grid": false,
  "q-table__selectable": false,
  "q-table__separated": true,
}
`;
